INFO         | Android emulator version 36.5.11.0 (build_id 15261927) (CL:N/A)
INFO         | Graphics backend: gfxstream
INFO         | Found systemPath /Users/apple/Library/Android/sdk/system-images/android-35/google_apis/arm64-v8a/
INFO         | Increasing RAM size to 3072MB
INFO         | Guest GLES Driver: Auto (ext controls)
INFO         | emuglConfig_init: vulkan_mode_selected:lavapipe gles_mode_selected:host
INFO         | Checking system compatibility:
INFO         |   Checking: hasSufficientDiskSpace
INFO         |      Ok: Disk space requirements to run avd: `s25_ultra_like` are met
INFO         |   Checking: hasSufficientHwGpu
INFO         |      Ok: Hardware GPU compatibility checks are not required
INFO         |   Checking: hasSufficientSystem
INFO         |      Ok: System requirements to run avd: `s25_ultra_like` are met
INFO         | Storing crashdata in: /tmp/android-apple/emu-crash-36.5.11.db, detection is enabled for process: 71240
INFO         | Crash reports will be automatically uploaded to: https://clients2.google.com/cr/report
INFO         | Initializing gfxstream backend
INFO         | android_startOpenglesRenderer: gpu info
INFO         | 
INFO         | initIcdPaths: ICD set to 'lavapipe', using Lavapipe ICD
INFO         | Setting ICD filenames for the loader = /Users/apple/Library/Android/sdk/emulator/lib64/vulkan/lvp_icd.json
INFO         | SharedLibrary::open for [/Users/apple/Library/Android/sdk/emulator/qemu/darwin-aarch64/lib64/vulkan/libvulkan.dylib]
INFO         | Added library: /Users/apple/Library/Android/sdk/emulator/qemu/darwin-aarch64/lib64/vulkan/libvulkan.dylib
INFO         | Enabling Vulkan portability.
INFO         | Selecting Vulkan device: llvmpipe (LLVM 21.1.4, 128 bits), Version: 1.4.330
INFO         | Initializing VkEmulation features:
INFO         |     glInteropSupported: false
INFO         |     useDeferredCommands: true
INFO         |     createResourceWithRequirements: true
INFO         |     useVulkanComposition: false
INFO         |     useVulkanNativeSwapchain: false
INFO         |     enable guestRenderDoc: false
INFO         |     ASTC LDR emulation mode: Gpu
INFO         |     enable ETC2 emulation: true
INFO         |     enable Ycbcr emulation: false
INFO         |     guestVulkanOnly: false
INFO         |     useDedicatedAllocations: false
INFO         |     guestVulkanMaxApiVersion: 1.3.0
INFO         | Graphics Adapter Vendor Google (Apple)
INFO         | Graphics Adapter Android Emulator OpenGL ES Translator (Apple M1)
INFO         | Graphics API Version OpenGL ES 3.0 (4.1 Metal - 90.5)
INFO         | Graphics API Extensions GL_OES_EGL_sync GL_OES_EGL_image GL_OES_EGL_image_external GL_OES_depth24 GL_OES_depth32 GL_OES_element_index_uint GL_OES_texture_float GL_OES_texture_float_linear GL_OES_compressed_paletted_texture GL_OES_compressed_ETC1_RGB8_texture GL_OES_depth_texture GL_OES_texture_npot GL_OES_rgb8_rgba8 GL_EXT_color_buffer_float GL_EXT_color_buffer_half_float GL_EXT_texture_format_BGRA8888 GL_APPLE_texture_format_BGRA8888 
INFO         | Graphics Device Extensions N/A
INFO         | Disabling sparse binding feature support
INFO         | Sending adb public key [QAAAAFW21jcDaee9mPqSeyRfrryMQebqDoCHilqdCP2//MxIn37BoFMKZvBnQ+G5rYHB22PxsfU/T9A+Wng9V+zxZGuBcF699wfShuHbgC2jDF5VUzKBUEOWuUamf4/soppfz3FhhHNlQsp/0cNtRhWkxHMKk2nRR1Bgt6K+qeYbqFogqqC5Wv9bJRuNsmnzohVO68UTcyCIdOrWbhsJZ+t1BKUoW2Ob49GfFbHDszFnj4S+zIquNzyhGxKjVApqTORItv8FMfUly+Ubc7pCKWJ4FvZXcaQhJNF6UaaGdYCLEWdvpiiPJhdwxGPgrFZ9Ot4E87csI4YLcm9E1XN67NQLcNVPjUfA4QCOlaHfeKTF1mQtf5Gz1nc/FogpbjycILpOUIFIqrAdrYPTiEAfoFq0BRSHNnBLObbyfjHSFrLnLglQFQWV0RAkr8F6AqtjRC+C1FJEhdYAm1AOmOwwaqeMHVFoDrKNOzF9ICFVyX2AzOMBKPTu7iqeIg0Fobeap8VzdoiIuk43ZGIxQnzuX6raslmcxICNXxIZL9iML9m/GtXKJH/ZXYGABo8eICX2b2ctjwbZ6TRw6G6ljrPIeDJnVbTJ2rNhx6JJj8duj2E6tzTyTdoUrA09qVNYibMVfqLensTaNjKrkDZN3bRXsGxaIM6ITlMYas4oeweZi+qU/TZkK67eBgEAAQA= apple@unknown]
INFO         | Userspace boot properties:
INFO         |   androidboot.boot_devices=a003600.virtio_mmio
INFO         |   androidboot.dalvik.vm.heapsize=576m
INFO         |   androidboot.debug.hwui.renderer=skiagl
INFO         |   androidboot.debug.sf.nobootanimation=1
INFO         |   androidboot.hardware=ranchu
INFO         |   androidboot.hardware.gltransport=pipe
INFO         |   androidboot.hardware.vulkan=ranchu
INFO         |   androidboot.logcat=*:V
INFO         |   androidboot.opengles.version=196608
INFO         |   androidboot.qemu=1
INFO         |   androidboot.qemu.adb.pubkey=QAAAAFW21jcDaee9mPqSeyRfrryMQebqDoCHilqdCP2//MxIn37BoFMKZvBnQ+G5rYHB22PxsfU/T9A+Wng9V+zxZGuBcF699wfShuHbgC2jDF5VUzKBUEOWuUamf4/soppfz3FhhHNlQsp/0cNtRhWkxHMKk2nRR1Bgt6K+qeYbqFogqqC5Wv9bJRuNsmnzohVO68UTcyCIdOrWbhsJZ+t1BKUoW2Ob49GfFbHDszFnj4S+zIquNzyhGxKjVApqTORItv8FMfUly+Ubc7pCKWJ4FvZXcaQhJNF6UaaGdYCLEWdvpiiPJhdwxGPgrFZ9Ot4E87csI4YLcm9E1XN67NQLcNVPjUfA4QCOlaHfeKTF1mQtf5Gz1nc/FogpbjycILpOUIFIqrAdrYPTiEAfoFq0BRSHNnBLObbyfjHSFrLnLglQFQWV0RAkr8F6AqtjRC+C1FJEhdYAm1AOmOwwaqeMHVFoDrKNOzF9ICFVyX2AzOMBKPTu7iqeIg0Fobeap8VzdoiIuk43ZGIxQnzuX6raslmcxICNXxIZL9iML9m/GtXKJH/ZXYGABo8eICX2b2ctjwbZ6TRw6G6ljrPIeDJnVbTJ2rNhx6JJj8duj2E6tzTyTdoUrA09qVNYibMVfqLensTaNjKrkDZN3bRXsGxaIM6ITlMYas4oeweZi+qU/TZkK67eBgEAAQA= apple@unknown
INFO         |   androidboot.qemu.avd_name=s25_ultra_like
INFO         |   androidboot.qemu.camera_hq_edge_processing=0
INFO         |   androidboot.qemu.camera_protocol_ver=1
INFO         |   androidboot.qemu.cpuvulkan.version=4202496
INFO         |   androidboot.qemu.gltransport.drawFlushInterval=800
INFO         |   androidboot.qemu.gltransport.name=pipe
INFO         |   androidboot.qemu.hwcodec.avcdec=2
INFO         |   androidboot.qemu.hwcodec.hevcdec=2
INFO         |   androidboot.qemu.hwcodec.vpxdec=2
INFO         |   androidboot.qemu.settings.system.screen_off_timeout=2147483647
INFO         |   androidboot.qemu.skin=1440x3120
INFO         |   androidboot.qemu.virtiowifi=1
INFO         |   androidboot.qemu.vsync=60
INFO         |   androidboot.serialno=EMULATOR36X5X11X0
INFO         |   androidboot.vbmeta.digest=d86517453be30669cdb7a7b57307f2ae3122a095509b92c7256b9a3665c7d025
INFO         |   androidboot.vbmeta.hash_alg=sha256
INFO         |   androidboot.vbmeta.size=6720
INFO         |   androidboot.veritymode=enforcing
INFO         | Activated packet streamer for bluetooth emulation
INFO         | Monitoring duration of emulator setup.
WARNING      | The emulator now requires a signed jwt token for gRPC access! Use the -grpc flag if you really want an open unprotected grpc port
INFO         | Using security allow list from: /Users/apple/Library/Android/sdk/emulator/lib/emulator_access.json
WARNING      | *** Basic token auth should only be used by android-studio ***
INFO         | The active JSON Web Key Sets can be found here: /Users/apple/Library/Caches/TemporaryItems/avd/running/71240/jwks/b2552f8f-979d-4494-9ebc-f21f8b63bcdd/active.jwk
INFO         | Scanning /Users/apple/Library/Caches/TemporaryItems/avd/running/71240/jwks/b2552f8f-979d-4494-9ebc-f21f8b63bcdd for jwk keys.
INFO         | Started GRPC server at 127.0.0.1:8554, security: Local, auth: +token
INFO         | Advertising in: /Users/apple/Library/Caches/TemporaryItems/avd/running/pid_71240.ini
INFO         | Successfully initialized netsim WiFi
INFO         | Setting display: 0 configuration to: 1440x3120, dpi: 560x560 
INFO         | setDisplayActiveConfig: id:0, 1440x3120
INFO         | emulatorSetupEnvironment: Setting up screen background view and display layout at env:1440x3120, lcd:1440x3120
INFO         | emulatorSetupEnvironment: Environment scene is not required
INFO         | Checking system compatibility:
INFO         |   Checking: hasSufficientDiskSpace
INFO         |      Ok: Disk space requirements to run avd: `s25_ultra_like` are met
INFO         |   Checking: hasSufficientHwGpu
INFO         |      Ok: Hardware GPU compatibility checks are not required
INFO         |   Checking: hasSufficientSystem
INFO         |      Ok: System requirements to run avd: `s25_ultra_like` are met
INFO         | Warning: QMetaObject::connectSlotsByName: No matching signal for on_rgbcSensorValueWidget_valueChanged() (:0, )
INFO         | Warning: QMetaObject::connectSlotsByName: No matching signal for on_posture_valueChanged(int) (:0, )
USER_INFO    | Emulator is performing a full startup. This may take upto two minutes, or more.
INFO         | Warning: QObject::connect: Cannot queue arguments of type 'std::vector<android::emulation::control::SnapshotInfo>'
(Make sure 'std::vector<android::emulation::control::SnapshotInfo>' is registered using qRegisterMetaType().) (:0, )
INFO         | AVD supportsNativeGLES=1, supportsGuestAngle=1
INFO         | Warning: QObject::connect: No such signal ToolWindow::microphoneEnabledChanged() in /Volumes/Android/buildbot/src/googleplex-android/emu-36-5-release/external/qemu/android/android-ui/modules/aemu-ui-qt/src/android/skin/qt/extended-window.cpp:160 (:0, )
INFO         | Warning: QObject::connect:  (sender name:   'ToolControls') (:0, )
INFO         | Warning: QObject::connect:  (receiver name: 'microphonePage') (:0, )
INFO         | Warning: QObject::connect: No such signal MicrophonePage::microphoneEnabledChanged() in /Volumes/Android/buildbot/src/googleplex-android/emu-36-5-release/external/qemu/android/android-ui/modules/aemu-ui-qt/src/android/skin/qt/extended-window.cpp:162 (:0, )
INFO         | Warning: QObject::connect:  (sender name:   'microphonePage') (:0, )
INFO         | Warning: QObject::connect:  (receiver name: 'ToolControls') (:0, )
INFO         | Created extended window in 289.11ms
INFO         | Boot completed in 12968 ms
INFO         | Increasing screen off timeout, logcat buffer size to 2M.
ERROR        | adb protocol fault (couldn't read status length)
INFO         | Warning: skipping QEventPoint(id=1 ts=0 pos=0,0 scn=1090.84,790.157 gbl=1090.84,790.157 Released ellipse=(1x1 ∡ 0) vel=0,0 press=-1090.84,-790.157 last=-1090.84,-790.157 Δ 1090.84,790.157) : no target window (:0, )
INFO         | Warning: skipping QEventPoint(id=1 ts=0 pos=0,0 scn=1228.99,686.736 gbl=1228.99,686.736 Released ellipse=(1x1 ∡ 0) vel=0,0 press=-1228.99,-686.736 last=-1228.99,-686.736 Δ 1228.99,686.736) : no target window (:0, )
